// Jest Snapshot v1, https://goo.gl/fbAQLP

exports[`Board should match the snapshot with all data passed in 1`] = `
<EasyBoard
  roundNumber={1}
/>
`;
